Startpoint: _9_ (rising edge-triggered flip-flop clocked by clk)
Endpoint: _8_ (rising edge-triggered flip-flop clocked by clk)
Path Group: clk
Path Type: min

    Delay      Time   Description
-------------------------------------------------------------
   0.0000    0.0000   clock clk (rise edge)
   0.0000    0.0000   clock source latency
   0.0000    0.0000 ^ clk (in)
   0.0886    0.0886 ^ clkbuf_0_clk/X (sky130_fd_sc_hd__clkbuf_1)
   0.1185    0.2070 ^ clkbuf_1_1__f_clk/X (sky130_fd_sc_hd__clkbuf_1)
   0.0001    0.2071 ^ _9_/CLK (sky130_fd_sc_hd__dfxtp_1)
   0.3129    0.5200 ^ _9_/Q (sky130_fd_sc_hd__dfxtp_1)
   0.2260    0.7461 ^ _2_/X (sky130_fd_sc_hd__mux4_2)
   0.1196    0.8656 ^ _3_/X (sky130_fd_sc_hd__and2_0)
   0.0005    0.8662 ^ _8_/D (sky130_fd_sc_hd__dfxtp_1)
             0.8662   data arrival time

   0.0000    0.0000   clock clk (rise edge)
   0.0000    0.0000   clock source latency
   0.0000    0.0000 ^ clk (in)
   0.0886    0.0886 ^ clkbuf_0_clk/X (sky130_fd_sc_hd__clkbuf_1)
   0.1185    0.2070 ^ clkbuf_1_1__f_clk/X (sky130_fd_sc_hd__clkbuf_1)
   0.0001    0.2072 ^ _8_/CLK (sky130_fd_sc_hd__dfxtp_1)
   0.0000    0.2072   clock reconvergence pessimism
  -0.0282    0.1790   library hold time
             0.1790   data required time
-------------------------------------------------------------
             0.1790   data required time
            -0.8662   data arrival time
-------------------------------------------------------------
             0.6872   slack (MET)


