Startpoint: _6_ (rising edge-triggered flip-flop clocked by clk)
Endpoint: _8_ (rising edge-triggered flip-flop clocked by clk)
Path Group: clk
Path Type: min

    Delay      Time   Description
-------------------------------------------------------------
   0.0000    0.0000   clock clk (rise edge)
   0.0000    0.0000   clock network delay (ideal)
   0.0000    0.0000 ^ _6_/CLK (sky130_fd_sc_hd__dfxtp_1)
   0.2759    0.2759 ^ _6_/Q (sky130_fd_sc_hd__dfxtp_1)
   0.2160    0.4919 ^ _2_/X (sky130_fd_sc_hd__mux4_2)
   0.1062    0.5981 ^ _3_/X (sky130_fd_sc_hd__and2_0)
   0.0000    0.5981 ^ _8_/D (sky130_fd_sc_hd__dfxtp_1)
             0.5981   data arrival time

   0.0000    0.0000   clock clk (rise edge)
   0.0000    0.0000   clock network delay (ideal)
   0.0000    0.0000   clock reconvergence pessimism
             0.0000 ^ _8_/CLK (sky130_fd_sc_hd__dfxtp_1)
  -0.0366   -0.0366   library hold time
            -0.0366   data required time
-------------------------------------------------------------
            -0.0366   data required time
            -0.5981   data arrival time
-------------------------------------------------------------
             0.6347   slack (MET)


